{"key_number": 1, "key_id": "key_78bca7b405ed9af141bf071e", "checked_at": "2026-09-09T14:48:09.530799+00:00", "status": "ok", "key_usage": 50, "key_limit": 1000, "key_remaining": 950, "account_plan": "Researcher", "account_plan_usage": 50, "account_plan_limit": 1000, "account_plan_remaining": 950, "account_paygo_usage": 0, "account_paygo_limit": null, "account_paygo_remaining": null, "plan_credits_accessible_via_key": 950}
{"key_number": 2, "key_id": "key_3cf9777bd8c5d809ea91fb0d", "checked_at": "2026-09-09T14:48:15.314893+00:00", "status": "ok", "key_usage": 0, "key_limit": 1000, "key_remaining": 1000, "account_plan": "Researcher", "account_plan_usage": 0, "account_plan_limit": 1000, "account_plan_remaining": 1000, "account_paygo_usage": 0, "account_paygo_limit": null, "account_paygo_remaining": null, "plan_credits_accessible_via_key": 1000}
{"key_number": 3, "key_id": "key_bab262ca11f43994f2939474", "checked_at": "2026-09-09T14:48:21.388985+00:00", "status": "ok", "key_usage": 0, "key_limit": 1000, "key_remaining": 1000, "account_plan": "Researcher", "account_plan_usage": 0, "account_plan_limit": 1000, "account_plan_remaining": 1000, "account_paygo_usage": 0, "account_paygo_limit": null, "account_paygo_remaining": null, "plan_credits_accessible_via_key": 1000}
{"key_number": 4, "key_id": "key_508ca5feccfdf7d242702e68", "checked_at": "2026-09-09T14:48:27.077762+00:00", "status": "ok", "key_usage": 0, "key_limit": 1000, "key_remaining": 1000, "account_plan": "Researcher", "account_plan_usage": 0, "account_plan_limit": 1000, "account_plan_remaining": 1000, "account_paygo_usage": 0, "account_paygo_limit": null, "account_paygo_remaining": null, "plan_credits_accessible_via_key": 1000}
{"key_number": 5, "key_id": "key_189097c4fc56cf8506c78c63", "checked_at": "2026-09-09T14:48:32.709645+00:00", "status": "ok", "key_usage": 0, "key_limit": null, "key_remaining": null, "account_plan": "Researcher", "account_plan_usage": 0, "account_plan_limit": 1000, "account_plan_remaining": 1000, "account_paygo_usage": 0, "account_paygo_limit": null, "account_paygo_remaining": null, "plan_credits_accessible_via_key": 1000}
{"key_number": 6, "key_id": "key_eb32d950efcddbfe01badc12", "checked_at": "2026-09-09T14:48:38.489063+00:00", "status": "ok", "key_usage": 0, "key_limit": null, "key_remaining": null, "account_plan": "Researcher", "account_plan_usage": 0, "account_plan_limit": 1000, "account_plan_remaining": 1000, "account_paygo_usage": 0, "account_paygo_limit": null, "account_paygo_remaining": null, "plan_credits_accessible_via_key": 1000}
{"key_number": 7, "key_id": "key_4d5c3d5e46d5b6d6d4299206", "checked_at": "2026-09-09T14:48:44.213875+00:00", "status": "ok", "key_usage": 0, "key_limit": null, "key_remaining": null, "account_plan": "Researcher", "account_plan_usage": 0, "account_plan_limit": 1000, "account_plan_remaining": 1000, "account_paygo_usage": 0, "account_paygo_limit": null, "account_paygo_remaining": null, "plan_credits_accessible_via_key": 1000}
{"key_number": 8, "key_id": "key_50915575c6718fbd16a1c65f", "checked_at": "2026-09-09T14:48:50.223279+00:00", "status": "ok", "key_usage": 0, "key_limit": null, "key_remaining": null, "account_plan": "Researcher", "account_plan_usage": 0, "account_plan_limit": 1000, "account_plan_remaining": 1000, "account_paygo_usage": 0, "account_paygo_limit": null, "account_paygo_remaining": null, "plan_credits_accessible_via_key": 1000}
{"key_number": 9, "key_id": "key_7d19712e231626a6b4b6d776", "checked_at": "2026-09-09T14:48:56.068269+00:00", "status": "ok", "key_usage": 0, "key_limit": null, "key_remaining": null, "account_plan": "Researcher", "account_plan_usage": 0, "account_plan_limit": 1000, "account_plan_remaining": 1000, "account_paygo_usage": 0, "account_paygo_limit": null, "account_paygo_remaining": null, "plan_credits_accessible_via_key": 1000}
{"key_number": 10, "key_id": "key_fb4d3e5173993aa853318e02", "checked_at": "2026-09-09T14:49:01.805756+00:00", "status": "ok", "key_usage": 0, "key_limit": null, "key_remaining": null, "account_plan": "Researcher", "account_plan_usage": 0, "account_plan_limit": 1000, "account_plan_remaining": 1000, "account_paygo_usage": 0, "account_paygo_limit": null, "account_paygo_remaining": null, "plan_credits_accessible_via_key": 1000}
{"key_number": 11, "key_id": "key_47e3a7aba103d7044ee57a20", "checked_at": "2026-09-09T14:49:07.841245+00:00", "status": "ok", "key_usage": 0, "key_limit": null, "key_remaining": null, "account_plan": "Researcher", "account_plan_usage": 0, "account_plan_limit": 1000, "account_plan_remaining": 1000, "account_paygo_usage": 0, "account_paygo_limit": null, "account_paygo_remaining": null, "plan_credits_accessible_via_key": 1000}
{"key_number": 12, "key_id": "key_72a28d6efb98f0efc83cd794", "checked_at": "2026-09-09T14:49:13.404037+00:00", "status": "ok", "key_usage": 0, "key_limit": null, "key_remaining": null, "account_plan": "Researcher", "account_plan_usage": 0, "account_plan_limit": 1000, "account_plan_remaining": 1000, "account_paygo_usage": 0, "account_paygo_limit": null, "account_paygo_remaining": null, "plan_credits_accessible_via_key": 1000}
{"key_number": 13, "key_id": "key_cf6ec6e8d30edfa64ece2ffc", "checked_at": "2026-09-09T14:49:19.812632+00:00", "status": "ok", "key_usage": 0, "key_limit": null, "key_remaining": null, "account_plan": "Researcher", "account_plan_usage": 0, "account_plan_limit": 1000, "account_plan_remaining": 1000, "account_paygo_usage": 0, "account_paygo_limit": null, "account_paygo_remaining": null, "plan_credits_accessible_via_key": 1000}
{"key_number": 14, "key_id": "key_184c88ae66d7911a191fc12f", "checked_at": "2026-09-09T14:49:26.007350+00:00", "status": "http_error", "http_status": 429, "retry_after": "60"}
{
  "summary": {
    "checked_at": "2026-09-09T14:49:31.072015+00:00",
    "configured_keys": 17,
    "successful_usage_checks": 13,
    "failed_usage_checks": 4,
    "largest_confirmed_single_key_plan_balance": 1000,
    "sum_of_per_key_accessible_balances": 12950,
    "independent_account_total_verified": false,
    "account_limit_note": "Do not treat the per-key sum as a verified pool total; /usage supplies balances but no account identity. Keys on one account share that account balance.",
    "baseline_queries": 510,
    "basic_search_credits": 510,
    "advanced_search_credits": 1020,
    "basic_with_two_transient_retries_each": 1530,
    "basic_with_two_transient_retries_and_all_but_one_key_failover": 1546,
    "paid_extract_enabled": false,
    "search_requests_made": 0,
    "provider_usage_docs": "https://docs.tavily.com/documentation/api-reference/endpoint/usage",
    "provider_pricing_docs": "https://docs.tavily.com/documentation/api-credits"
  }
}
