{
  "completed_at": "2026-09-12T19:54:00.810592+00:00",
  "status": "completed_collection_and_local_quality_review_with_evidence_gaps",
  "regression_tests_passed": 57,
  "companies": 193,
  "seed_rows_preserved": 205,
  "company_searches": 386,
  "shared_policy_searches": 20,
  "total_completed_queries": 406,
  "failed_queries": 0,
  "credit_cap": 500,
  "estimated_credits": 406.0,
  "provider_reported_credits": 396.0,
  "retained_source_urls": 412,
  "full_document_sources": 287,
  "snippet_sources": 125,
  "search_candidates": 3082,
  "retained_query_source_links": 522,
  "extraction_limited_query_source_links": 26,
  "answer_statuses": {
    "complete": 79,
    "insufficient_evidence": 327
  },
  "company_evidence_statuses": {
    "company_context_only": 71,
    "group_context_only": 19,
    "company_tariff_response_or_opinion": 12,
    "no_usable_company_evidence": 83,
    "source_reported_company_tariff_effect": 7,
    "unverified_tariff_leads_only": 1
  },
  "companies_with_source_reported_effect_or_response": 19,
  "company_evidence_relationships": 1408,
  "unique_tariff_candidates_locally_reviewed": 339,
  "manually_reviewed_company_candidates": 39,
  "rejected_wrong_company_links": 3,
  "new_tavily_calls_during_final_review": 0,
  "current_company_duties_verified": false,
  "original_collection_and_baseline_preserved": true
}
