{
  "updated_at": "2026-09-10T22:47:51.562679+00:00",
  "companies": 193,
  "seed_rows": 205,
  "companies_with_name_matched_tariff_candidates": 5,
  "companies_with_only_context_or_no_evidence": 188,
  "companies_with_both_web_queries_completed": 0,
  "evidence_relationships": 874,
  "web_queries_processed": 0,
  "web_queries_failed": 0,
  "shared_policy_queries_processed": 0,
  "usage": {
    "request_attempts": 0,
    "estimated": 0,
    "reported": 0
  },
  "credit_cap": 500,
  "all_current_legal_applicability_verified": false,
  "status": "in_progress"
}
{
  "updated_at": "2026-09-10T22:53:26.440185+00:00",
  "companies": 193,
  "seed_rows": 205,
  "companies_with_name_matched_tariff_candidates": 5,
  "companies_with_only_context_or_no_evidence": 188,
  "companies_with_both_web_queries_completed": 0,
  "evidence_relationships": 874,
  "web_queries_processed": 4,
  "web_queries_failed": 0,
  "shared_policy_queries_processed": 4,
  "usage": {
    "request_attempts": 6,
    "estimated": 6.0,
    "reported": 6.0
  },
  "credit_cap": 500,
  "all_current_legal_applicability_verified": false,
  "status": "in_progress"
}
{
  "updated_at": "2026-09-10T22:59:02.755733+00:00",
  "companies": 193,
  "seed_rows": 205,
  "companies_with_name_matched_tariff_candidates": 5,
  "companies_with_only_context_or_no_evidence": 188,
  "companies_with_both_web_queries_completed": 0,
  "evidence_relationships": 874,
  "web_queries_processed": 6,
  "web_queries_failed": 0,
  "shared_policy_queries_processed": 6,
  "usage": {
    "request_attempts": 8,
    "estimated": 8.0,
    "reported": 8.0
  },
  "credit_cap": 500,
  "all_current_legal_applicability_verified": false,
  "status": "in_progress"
}
{
  "updated_at": "2026-09-10T23:04:38.018898+00:00",
  "companies": 193,
  "seed_rows": 205,
  "companies_with_name_matched_tariff_candidates": 5,
  "companies_with_only_context_or_no_evidence": 188,
  "companies_with_both_web_queries_completed": 0,
  "evidence_relationships": 874,
  "web_queries_processed": 8,
  "web_queries_failed": 0,
  "shared_policy_queries_processed": 8,
  "usage": {
    "request_attempts": 10,
    "estimated": 10.0,
    "reported": 10.0
  },
  "credit_cap": 500,
  "all_current_legal_applicability_verified": false,
  "status": "in_progress"
}
{
  "updated_at": "2026-09-10T23:10:14.165925+00:00",
  "companies": 193,
  "seed_rows": 205,
  "companies_with_name_matched_tariff_candidates": 5,
  "companies_with_only_context_or_no_evidence": 188,
  "companies_with_both_web_queries_completed": 0,
  "evidence_relationships": 874,
  "web_queries_processed": 11,
  "web_queries_failed": 0,
  "shared_policy_queries_processed": 11,
  "usage": {
    "request_attempts": 12,
    "estimated": 12.0,
    "reported": 12.0
  },
  "credit_cap": 500,
  "all_current_legal_applicability_verified": false,
  "status": "in_progress"
}
{
  "updated_at": "2026-09-10T23:15:50.957149+00:00",
  "companies": 193,
  "seed_rows": 205,
  "companies_with_name_matched_tariff_candidates": 5,
  "companies_with_only_context_or_no_evidence": 188,
  "companies_with_both_web_queries_completed": 0,
  "evidence_relationships": 874,
  "web_queries_processed": 16,
  "web_queries_failed": 0,
  "shared_policy_queries_processed": 16,
  "usage": {
    "request_attempts": 18,
    "estimated": 18.0,
    "reported": 18.0
  },
  "credit_cap": 500,
  "all_current_legal_applicability_verified": false,
  "status": "in_progress"
}
{
  "updated_at": "2026-09-10T23:18:29.522423+00:00",
  "companies": 193,
  "seed_rows": 205,
  "companies_with_name_matched_tariff_candidates": 5,
  "companies_with_only_context_or_no_evidence": 188,
  "companies_with_both_web_queries_completed": 0,
  "evidence_relationships": 874,
  "web_queries_processed": 20,
  "web_queries_failed": 0,
  "shared_policy_queries_processed": 20,
  "usage": {
    "request_attempts": 20,
    "estimated": 20.0,
    "reported": 20.0
  },
  "credit_cap": 500,
  "all_current_legal_applicability_verified": false,
  "status": "in_progress"
}
{
  "updated_at": "2026-09-10T23:24:04.349114+00:00",
  "companies": 193,
  "seed_rows": 205,
  "companies_with_name_matched_tariff_candidates": 7,
  "companies_with_only_context_or_no_evidence": 186,
  "companies_with_both_web_queries_completed": 7,
  "evidence_relationships": 897,
  "web_queries_processed": 35,
  "web_queries_failed": 0,
  "shared_policy_queries_processed": 20,
  "usage": {
    "request_attempts": 36,
    "estimated": 36.0,
    "reported": 36.0
  },
  "credit_cap": 500,
  "all_current_legal_applicability_verified": false,
  "status": "in_progress"
}
{
  "updated_at": "2026-09-10T23:29:36.966679+00:00",
  "companies": 193,
  "seed_rows": 205,
  "companies_with_name_matched_tariff_candidates": 7,
  "companies_with_only_context_or_no_evidence": 186,
  "companies_with_both_web_queries_completed": 16,
  "evidence_relationships": 930,
  "web_queries_processed": 52,
  "web_queries_failed": 0,
  "shared_policy_queries_processed": 20,
  "usage": {
    "request_attempts": 52,
    "estimated": 52.0,
    "reported": 51.0
  },
  "credit_cap": 500,
  "all_current_legal_applicability_verified": false,
  "status": "in_progress"
}
{
  "updated_at": "2026-09-10T23:35:13.805399+00:00",
  "companies": 193,
  "seed_rows": 205,
  "companies_with_name_matched_tariff_candidates": 8,
  "companies_with_only_context_or_no_evidence": 185,
  "companies_with_both_web_queries_completed": 23,
  "evidence_relationships": 949,
  "web_queries_processed": 67,
  "web_queries_failed": 0,
  "shared_policy_queries_processed": 20,
  "usage": {
    "request_attempts": 68,
    "estimated": 68.0,
    "reported": 67.0
  },
  "credit_cap": 500,
  "all_current_legal_applicability_verified": false,
  "status": "in_progress"
}
{
  "updated_at": "2026-09-10T23:40:50.410474+00:00",
  "companies": 193,
  "seed_rows": 205,
  "companies_with_name_matched_tariff_candidates": 11,
  "companies_with_only_context_or_no_evidence": 182,
  "companies_with_both_web_queries_completed": 33,
  "evidence_relationships": 981,
  "web_queries_processed": 87,
  "web_queries_failed": 0,
  "shared_policy_queries_processed": 20,
  "usage": {
    "request_attempts": 88,
    "estimated": 88.0,
    "reported": 85.0
  },
  "credit_cap": 500,
  "all_current_legal_applicability_verified": false,
  "status": "in_progress"
}
{
  "updated_at": "2026-09-10T23:46:25.933418+00:00",
  "companies": 193,
  "seed_rows": 205,
  "companies_with_name_matched_tariff_candidates": 13,
  "companies_with_only_context_or_no_evidence": 180,
  "companies_with_both_web_queries_completed": 41,
  "evidence_relationships": 1000,
  "web_queries_processed": 102,
  "web_queries_failed": 0,
  "shared_policy_queries_processed": 20,
  "usage": {
    "request_attempts": 104,
    "estimated": 104.0,
    "reported": 101.0
  },
  "credit_cap": 500,
  "all_current_legal_applicability_verified": false,
  "status": "in_progress"
}
{
  "updated_at": "2026-09-10T23:52:04.682701+00:00",
  "companies": 193,
  "seed_rows": 205,
  "companies_with_name_matched_tariff_candidates": 14,
  "companies_with_only_context_or_no_evidence": 179,
  "companies_with_both_web_queries_completed": 50,
  "evidence_relationships": 1036,
  "web_queries_processed": 121,
  "web_queries_failed": 0,
  "shared_policy_queries_processed": 20,
  "usage": {
    "request_attempts": 122,
    "estimated": 122.0,
    "reported": 119.0
  },
  "credit_cap": 500,
  "all_current_legal_applicability_verified": false,
  "status": "in_progress"
}
{
  "updated_at": "2026-09-10T23:57:39.608714+00:00",
  "companies": 193,
  "seed_rows": 205,
  "companies_with_name_matched_tariff_candidates": 14,
  "companies_with_only_context_or_no_evidence": 179,
  "companies_with_both_web_queries_completed": 57,
  "evidence_relationships": 1053,
  "web_queries_processed": 134,
  "web_queries_failed": 0,
  "shared_policy_queries_processed": 20,
  "usage": {
    "request_attempts": 136,
    "estimated": 136.0,
    "reported": 132.0
  },
  "credit_cap": 500,
  "all_current_legal_applicability_verified": false,
  "status": "in_progress"
}
{
  "updated_at": "2026-09-11T00:03:15.911888+00:00",
  "companies": 193,
  "seed_rows": 205,
  "companies_with_name_matched_tariff_candidates": 15,
  "companies_with_only_context_or_no_evidence": 178,
  "companies_with_both_web_queries_completed": 65,
  "evidence_relationships": 1063,
  "web_queries_processed": 151,
  "web_queries_failed": 0,
  "shared_policy_queries_processed": 20,
  "usage": {
    "request_attempts": 152,
    "estimated": 152.0,
    "reported": 148.0
  },
  "credit_cap": 500,
  "all_current_legal_applicability_verified": false,
  "status": "in_progress"
}
{
  "updated_at": "2026-09-11T00:08:54.370502+00:00",
  "companies": 193,
  "seed_rows": 205,
  "companies_with_name_matched_tariff_candidates": 16,
  "companies_with_only_context_or_no_evidence": 177,
  "companies_with_both_web_queries_completed": 73,
  "evidence_relationships": 1081,
  "web_queries_processed": 166,
  "web_queries_failed": 0,
  "shared_policy_queries_processed": 20,
  "usage": {
    "request_attempts": 168,
    "estimated": 168.0,
    "reported": 164.0
  },
  "credit_cap": 500,
  "all_current_legal_applicability_verified": false,
  "status": "in_progress"
}
{
  "updated_at": "2026-09-11T00:14:31.786409+00:00",
  "companies": 193,
  "seed_rows": 205,
  "companies_with_name_matched_tariff_candidates": 16,
  "companies_with_only_context_or_no_evidence": 177,
  "companies_with_both_web_queries_completed": 81,
  "evidence_relationships": 1097,
  "web_queries_processed": 182,
  "web_queries_failed": 0,
  "shared_policy_queries_processed": 20,
  "usage": {
    "request_attempts": 184,
    "estimated": 184.0,
    "reported": 180.0
  },
  "credit_cap": 500,
  "all_current_legal_applicability_verified": false,
  "status": "in_progress"
}
{
  "updated_at": "2026-09-11T00:20:10.142529+00:00",
  "companies": 193,
  "seed_rows": 205,
  "companies_with_name_matched_tariff_candidates": 18,
  "companies_with_only_context_or_no_evidence": 175,
  "companies_with_both_web_queries_completed": 88,
  "evidence_relationships": 1138,
  "web_queries_processed": 197,
  "web_queries_failed": 0,
  "shared_policy_queries_processed": 20,
  "usage": {
    "request_attempts": 198,
    "estimated": 198.0,
    "reported": 194.0
  },
  "credit_cap": 500,
  "all_current_legal_applicability_verified": false,
  "status": "in_progress"
}
{
  "updated_at": "2026-09-11T00:25:48.751534+00:00",
  "companies": 193,
  "seed_rows": 205,
  "companies_with_name_matched_tariff_candidates": 18,
  "companies_with_only_context_or_no_evidence": 175,
  "companies_with_both_web_queries_completed": 96,
  "evidence_relationships": 1189,
  "web_queries_processed": 212,
  "web_queries_failed": 0,
  "shared_policy_queries_processed": 20,
  "usage": {
    "request_attempts": 214,
    "estimated": 214.0,
    "reported": 210.0
  },
  "credit_cap": 500,
  "all_current_legal_applicability_verified": false,
  "status": "in_progress"
}
{
  "updated_at": "2026-09-11T00:31:27.559764+00:00",
  "companies": 193,
  "seed_rows": 205,
  "companies_with_name_matched_tariff_candidates": 20,
  "companies_with_only_context_or_no_evidence": 173,
  "companies_with_both_web_queries_completed": 105,
  "evidence_relationships": 1217,
  "web_queries_processed": 231,
  "web_queries_failed": 0,
  "shared_policy_queries_processed": 20,
  "usage": {
    "request_attempts": 232,
    "estimated": 232.0,
    "reported": 227.0
  },
  "credit_cap": 500,
  "all_current_legal_applicability_verified": false,
  "status": "in_progress"
}
{
  "updated_at": "2026-09-11T00:36:59.028982+00:00",
  "companies": 193,
  "seed_rows": 205,
  "companies_with_name_matched_tariff_candidates": 20,
  "companies_with_only_context_or_no_evidence": 173,
  "companies_with_both_web_queries_completed": 114,
  "evidence_relationships": 1229,
  "web_queries_processed": 248,
  "web_queries_failed": 0,
  "shared_policy_queries_processed": 20,
  "usage": {
    "request_attempts": 250,
    "estimated": 250.0,
    "reported": 244.0
  },
  "credit_cap": 500,
  "all_current_legal_applicability_verified": false,
  "status": "in_progress"
}
{
  "updated_at": "2026-09-11T00:42:39.495708+00:00",
  "companies": 193,
  "seed_rows": 205,
  "companies_with_name_matched_tariff_candidates": 20,
  "companies_with_only_context_or_no_evidence": 173,
  "companies_with_both_web_queries_completed": 122,
  "evidence_relationships": 1242,
  "web_queries_processed": 265,
  "web_queries_failed": 0,
  "shared_policy_queries_processed": 20,
  "usage": {
    "request_attempts": 266,
    "estimated": 266.0,
    "reported": 260.0
  },
  "credit_cap": 500,
  "all_current_legal_applicability_verified": false,
  "status": "in_progress"
}
{
  "updated_at": "2026-09-11T00:48:18.289102+00:00",
  "companies": 193,
  "seed_rows": 205,
  "companies_with_name_matched_tariff_candidates": 21,
  "companies_with_only_context_or_no_evidence": 172,
  "companies_with_both_web_queries_completed": 129,
  "evidence_relationships": 1257,
  "web_queries_processed": 278,
  "web_queries_failed": 0,
  "shared_policy_queries_processed": 20,
  "usage": {
    "request_attempts": 280,
    "estimated": 280.0,
    "reported": 274.0
  },
  "credit_cap": 500,
  "all_current_legal_applicability_verified": false,
  "status": "in_progress"
}
{
  "updated_at": "2026-09-11T00:53:56.754060+00:00",
  "companies": 193,
  "seed_rows": 205,
  "companies_with_name_matched_tariff_candidates": 22,
  "companies_with_only_context_or_no_evidence": 171,
  "companies_with_both_web_queries_completed": 139,
  "evidence_relationships": 1276,
  "web_queries_processed": 299,
  "web_queries_failed": 0,
  "shared_policy_queries_processed": 20,
  "usage": {
    "request_attempts": 300,
    "estimated": 300.0,
    "reported": 293.0
  },
  "credit_cap": 500,
  "all_current_legal_applicability_verified": false,
  "status": "in_progress"
}
{
  "updated_at": "2026-09-11T00:59:37.405227+00:00",
  "companies": 193,
  "seed_rows": 205,
  "companies_with_name_matched_tariff_candidates": 23,
  "companies_with_only_context_or_no_evidence": 170,
  "companies_with_both_web_queries_completed": 146,
  "evidence_relationships": 1298,
  "web_queries_processed": 313,
  "web_queries_failed": 0,
  "shared_policy_queries_processed": 20,
  "usage": {
    "request_attempts": 314,
    "estimated": 314.0,
    "reported": 307.0
  },
  "credit_cap": 500,
  "all_current_legal_applicability_verified": false,
  "status": "in_progress"
}
{
  "updated_at": "2026-09-11T01:05:17.374752+00:00",
  "companies": 193,
  "seed_rows": 205,
  "companies_with_name_matched_tariff_candidates": 23,
  "companies_with_only_context_or_no_evidence": 170,
  "companies_with_both_web_queries_completed": 155,
  "evidence_relationships": 1311,
  "web_queries_processed": 330,
  "web_queries_failed": 0,
  "shared_policy_queries_processed": 20,
  "usage": {
    "request_attempts": 332,
    "estimated": 332.0,
    "reported": 325.0
  },
  "credit_cap": 500,
  "all_current_legal_applicability_verified": false,
  "status": "in_progress"
}
{
  "updated_at": "2026-09-11T01:10:58.161993+00:00",
  "companies": 193,
  "seed_rows": 205,
  "companies_with_name_matched_tariff_candidates": 24,
  "companies_with_only_context_or_no_evidence": 169,
  "companies_with_both_web_queries_completed": 164,
  "evidence_relationships": 1317,
  "web_queries_processed": 348,
  "web_queries_failed": 0,
  "shared_policy_queries_processed": 20,
  "usage": {
    "request_attempts": 350,
    "estimated": 350.0,
    "reported": 343.0
  },
  "credit_cap": 500,
  "all_current_legal_applicability_verified": false,
  "status": "in_progress"
}
{
  "updated_at": "2026-09-11T01:16:38.632105+00:00",
  "companies": 193,
  "seed_rows": 205,
  "companies_with_name_matched_tariff_candidates": 25,
  "companies_with_only_context_or_no_evidence": 168,
  "companies_with_both_web_queries_completed": 173,
  "evidence_relationships": 1336,
  "web_queries_processed": 367,
  "web_queries_failed": 0,
  "shared_policy_queries_processed": 20,
  "usage": {
    "request_attempts": 368,
    "estimated": 368.0,
    "reported": 360.0
  },
  "credit_cap": 500,
  "all_current_legal_applicability_verified": false,
  "status": "in_progress"
}
{
  "updated_at": "2026-09-11T01:22:19.172228+00:00",
  "companies": 193,
  "seed_rows": 205,
  "companies_with_name_matched_tariff_candidates": 27,
  "companies_with_only_context_or_no_evidence": 166,
  "companies_with_both_web_queries_completed": 178,
  "evidence_relationships": 1350,
  "web_queries_processed": 377,
  "web_queries_failed": 0,
  "shared_policy_queries_processed": 20,
  "usage": {
    "request_attempts": 378,
    "estimated": 378.0,
    "reported": 369.0
  },
  "credit_cap": 500,
  "all_current_legal_applicability_verified": false,
  "status": "in_progress"
}
{
  "updated_at": "2026-09-11T01:28:00.500117+00:00",
  "companies": 193,
  "seed_rows": 205,
  "companies_with_name_matched_tariff_candidates": 28,
  "companies_with_only_context_or_no_evidence": 165,
  "companies_with_both_web_queries_completed": 183,
  "evidence_relationships": 1395,
  "web_queries_processed": 386,
  "web_queries_failed": 0,
  "shared_policy_queries_processed": 20,
  "usage": {
    "request_attempts": 388,
    "estimated": 388.0,
    "reported": 379.0
  },
  "credit_cap": 500,
  "all_current_legal_applicability_verified": false,
  "status": "in_progress"
}
{
  "updated_at": "2026-09-11T01:33:24.010150+00:00",
  "companies": 193,
  "seed_rows": 205,
  "companies_with_name_matched_tariff_candidates": 28,
  "companies_with_only_context_or_no_evidence": 165,
  "companies_with_both_web_queries_completed": 193,
  "evidence_relationships": 1408,
  "web_queries_processed": 406,
  "web_queries_failed": 0,
  "shared_policy_queries_processed": 20,
  "usage": {
    "request_attempts": 406,
    "estimated": 406.0,
    "reported": 396.0
  },
  "credit_cap": 500,
  "all_current_legal_applicability_verified": false,
  "status": "collection_complete_with_evidence_gaps"
}
{
  "updated_at": "2026-09-11T01:33:56.524467+00:00",
  "companies": 193,
  "seed_rows": 205,
  "companies_with_name_matched_tariff_candidates": 28,
  "companies_with_only_context_or_no_evidence": 165,
  "companies_with_both_web_queries_completed": 193,
  "evidence_relationships": 1408,
  "web_queries_processed": 406,
  "web_queries_failed": 0,
  "shared_policy_queries_processed": 20,
  "usage": {
    "request_attempts": 406,
    "estimated": 406.0,
    "reported": 396.0
  },
  "credit_cap": 500,
  "all_current_legal_applicability_verified": false,
  "status": "collection_complete_with_evidence_gaps"
}
